// Jest Snapshot v1, https://goo.gl/fbAQLP

exports[`renders ChallengeFeed component 1`] = `
<View
  style={
    Object {
      "alignItems": "center",
      "backgroundColor": "#2B2B2B",
      "flex": 1,
    }
  }
>
  <View
    style={
      Object {
        "alignSelf": "stretch",
        "flex": 0.15,
      }
    }
  >
    <View
      accessibilityComponentType={undefined}
      accessibilityLabel={undefined}
      accessibilityTraits={undefined}
      accessible={true}
      hitSlop={undefined}
      isTVSelectable={true}
      nativeID={undefined}
      onLayout={undefined}
      onResponderGrant={[Function]}
      onResponderMove={[Function]}
      onResponderRelease={[Function]}
      onResponderTerminate={[Function]}
      onResponderTerminationRequest={[Function]}
      onStartShouldSetResponder={[Function]}
      style={
        Object {
          "alignSelf": "stretch",
          "backgroundColor": "transparent",
          "borderColor": "#ef473a",
          "borderRadius": 4,
          "borderWidth": 1,
          "flexDirection": "row",
          "height": 40,
          "justifyContent": "space-around",
          "margin": 10,
          "marginTop": 20,
          "opacity": 1,
          "paddingHorizontal": 8,
          "paddingVertical": 6,
        }
      }
      testID={undefined}
      tvParallaxProperties={undefined}
    >
      <Text
        accessible={true}
        allowFontScaling={true}
        disabled={false}
        ellipsizeMode="tail"
        style={
          Object {
            "alignSelf": "center",
            "color": "#ef473a",
            "flexDirection": "row",
            "fontSize": 14,
          }
        }
      >
        Create Challenge
      </Text>
    </View>
  </View>
  <View
    style={
      Object {
        "alignSelf": "stretch",
        "flex": 0.85,
      }
    }
  >
    <RCTScrollView
      automaticallyAdjustContentInsets={false}
      contentInset={
        Object {
          "bottom": 55,
        }
      }
      dataSource={
        ListViewDataSource {
          "items": 0,
        }
      }
      enableEmptySections={true}
      refreshControl={
        <RefreshControlMock
          onRefresh={[Function]}
          refreshing={false}
        />
      }
      renderRow={[Function]}
      renderScrollComponent={[Function]}
      style={
        Object {
          "alignSelf": "stretch",
        }
      }
    >
      <RCTRefreshControl />
      <View />
    </RCTScrollView>
  </View>
</View>
`;
