// Jest Snapshot v1, https://goo.gl/fbAQLP

exports[`renders PendingChallengeDetail component 1`] = `
<View
  style={
    Object {
      "alignItems": "center",
      "backgroundColor": "#2B2B2B",
      "flex": 1,
    }
  }
>
  <View
    style={
      Object {
        "alignSelf": "stretch",
        "flex": 0.1,
      }
    }
  >
    <Text
      accessible={true}
      allowFontScaling={true}
      disabled={false}
      ellipsizeMode="tail"
      style={
        Object {
          "alignSelf": "center",
          "color": "#CCC",
          "flexDirection": "row",
          "fontSize": 18,
          "fontWeight": "bold",
          "justifyContent": "space-around",
          "paddingTop": 20,
        }
      }
    >
      Test Segment
    </Text>
  </View>
  <View
    style={
      Object {
        "alignSelf": "stretch",
        "backgroundColor": "#383838",
        "flex": 0.375,
        "marginBottom": 10,
        "marginHorizontal": 20,
      }
    }
  >
    <View
      style={
        Object {
          "alignSelf": "stretch",
          "flex": 1,
          "flexDirection": "row",
          "justifyContent": "space-between",
          "marginHorizontal": 20,
          "marginTop": 5,
        }
      }
    >
      <Text
        accessible={true}
        allowFontScaling={true}
        disabled={false}
        ellipsizeMode="tail"
        style={
          Object {
            "alignSelf": "center",
            "color": "#CCC",
            "flexDirection": "column",
            "fontSize": 14,
            "fontWeight": "bold",
          }
        }
      >
        Start Date
      </Text>
      <Text
        accessible={true}
        allowFontScaling={true}
        disabled={false}
        ellipsizeMode="tail"
        style={
          Object {
            "alignSelf": "center",
            "color": "#CCC",
            "flexDirection": "column",
            "fontSize": 12,
          }
        }
      >
        Invalid Date
      </Text>
    </View>
    <View
      style={
        Object {
          "alignSelf": "stretch",
          "flex": 1,
          "flexDirection": "row",
          "justifyContent": "space-between",
          "marginHorizontal": 20,
          "marginTop": 5,
        }
      }
    >
      <Text
        accessible={true}
        allowFontScaling={true}
        disabled={false}
        ellipsizeMode="tail"
        style={
          Object {
            "alignSelf": "center",
            "color": "#CCC",
            "flexDirection": "column",
            "fontSize": 14,
            "fontWeight": "bold",
          }
        }
      >
        End Date
      </Text>
      <Text
        accessible={true}
        allowFontScaling={true}
        disabled={false}
        ellipsizeMode="tail"
        style={
          Object {
            "alignSelf": "center",
            "color": "#CCC",
            "flexDirection": "column",
            "fontSize": 12,
          }
        }
      >
        Invalid Date
      </Text>
    </View>
    <View
      style={
        Object {
          "alignSelf": "stretch",
          "flex": 1,
          "flexDirection": "row",
          "justifyContent": "space-between",
          "marginHorizontal": 20,
          "marginTop": 5,
        }
      }
    >
      <Text
        accessible={true}
        allowFontScaling={true}
        disabled={false}
        ellipsizeMode="tail"
        style={
          Object {
            "alignSelf": "center",
            "color": "#CCC",
            "flexDirection": "column",
            "fontSize": 14,
            "fontWeight": "bold",
          }
        }
      >
        Distance
      </Text>
      <Text
        accessible={true}
        allowFontScaling={true}
        disabled={false}
        ellipsizeMode="tail"
        style={
          Object {
            "alignSelf": "center",
            "color": "#CCC",
            "flexDirection": "column",
            "fontSize": 12,
          }
        }
      >
        NaN Miles
      </Text>
    </View>
    <View
      style={
        Object {
          "alignSelf": "stretch",
          "flex": 1,
          "flexDirection": "row",
          "justifyContent": "space-between",
          "marginHorizontal": 20,
          "marginTop": 5,
        }
      }
    >
      <Text
        accessible={true}
        allowFontScaling={true}
        disabled={false}
        ellipsizeMode="tail"
        style={
          Object {
            "alignSelf": "center",
            "color": "#CCC",
            "flexDirection": "column",
            "fontSize": 14,
            "fontWeight": "bold",
          }
        }
      >
        Location
      </Text>
      <Text
        accessible={true}
        allowFontScaling={true}
        disabled={false}
        ellipsizeMode="tail"
        style={
          Object {
            "alignSelf": "center",
            "color": "#CCC",
            "flexDirection": "column",
            "fontSize": 12,
          }
        }
      >
         undefined
      </Text>
    </View>
    <View
      style={
        Object {
          "alignSelf": "stretch",
          "flex": 1,
          "flexDirection": "row",
          "justifyContent": "space-between",
          "marginHorizontal": 20,
          "marginTop": 5,
        }
      }
    >
      <Text
        accessible={true}
        allowFontScaling={true}
        disabled={false}
        ellipsizeMode="tail"
        style={
          Object {
            "alignSelf": "center",
            "color": "#CCC",
            "flexDirection": "column",
            "fontSize": 14,
            "fontWeight": "bold",
          }
        }
      >
        Activity Type
      </Text>
      <Text
        accessible={true}
        allowFontScaling={true}
        disabled={false}
        ellipsizeMode="tail"
        style={
          Object {
            "alignSelf": "center",
            "color": "#CCC",
            "flexDirection": "column",
            "fontSize": 12,
          }
        }
      >
        Not Available
      </Text>
    </View>
    <View
      style={
        Object {
          "alignSelf": "stretch",
          "flex": 1,
          "flexDirection": "row",
          "justifyContent": "space-between",
          "marginHorizontal": 20,
          "marginTop": 5,
        }
      }
    >
      <Text
        accessible={true}
        allowFontScaling={true}
        disabled={false}
        ellipsizeMode="tail"
        style={
          Object {
            "alignSelf": "center",
            "color": "#CCC",
            "flexDirection": "column",
            "fontSize": 14,
            "fontWeight": "bold",
          }
        }
      >
        Average Grade
      </Text>
      <Text
        accessible={true}
        allowFontScaling={true}
        disabled={false}
        ellipsizeMode="tail"
        style={
          Object {
            "alignSelf": "center",
            "color": "#CCC",
            "flexDirection": "column",
            "fontSize": 12,
          }
        }
      >
        undefined %
      </Text>
    </View>
    <View
      style={
        Object {
          "alignSelf": "stretch",
          "flex": 1,
          "flexDirection": "row",
          "justifyContent": "space-between",
          "marginHorizontal": 20,
          "marginTop": 5,
        }
      }
    >
      <Text
        accessible={true}
        allowFontScaling={true}
        disabled={false}
        ellipsizeMode="tail"
        style={
          Object {
            "alignSelf": "center",
            "color": "#CCC",
            "flexDirection": "column",
            "fontSize": 14,
            "fontWeight": "bold",
          }
        }
      >
        Climb Category
      </Text>
      <Text
        accessible={true}
        allowFontScaling={true}
        disabled={false}
        ellipsizeMode="tail"
        style={
          Object {
            "alignSelf": "center",
            "color": "#CCC",
            "flexDirection": "column",
            "fontSize": 12,
          }
        }
      >
        Not Available
      </Text>
    </View>
    <View
      style={
        Object {
          "alignSelf": "stretch",
          "flex": 1,
          "flexDirection": "row",
          "justifyContent": "space-between",
          "marginHorizontal": 20,
          "marginTop": 5,
        }
      }
    >
      <Text
        accessible={true}
        allowFontScaling={true}
        disabled={false}
        ellipsizeMode="tail"
        style={
          Object {
            "alignSelf": "center",
            "color": "#CCC",
            "flexDirection": "column",
            "fontSize": 14,
            "fontWeight": "bold",
          }
        }
      >
        Elevation Gain
      </Text>
      <Text
        accessible={true}
        allowFontScaling={true}
        disabled={false}
        ellipsizeMode="tail"
        style={
          Object {
            "alignSelf": "center",
            "color": "#CCC",
            "flexDirection": "column",
            "fontSize": 12,
          }
        }
      >
        undefined meters
      </Text>
    </View>
  </View>
  <View
    style={
      Object {
        "alignSelf": "stretch",
        "flex": 0.1,
        "marginBottom": 10,
      }
    }
  />
</View>
`;
